Archive member included because of file (symbol)

/usr/local/gcc-arm-none-eabi-4_9-2015q3/bin/../lib/gcc/arm-none-eabi/4.9.3/../../../../arm-none-eabi/lib/armv7e-m/fpu/libg.a(lib_a-exit.o)
                              /usr/local/gcc-arm-none-eabi-4_9-2015q3/bin/../lib/gcc/arm-none-eabi/4.9.3/../../../../arm-none-eabi/lib/armv7e-m/fpu/crt0.o (exit)
/usr/local/gcc-arm-none-eabi-4_9-2015q3/bin/../lib/gcc/arm-none-eabi/4.9.3/../../../../arm-none-eabi/lib/armv7e-m/fpu/libg.a(lib_a-impure.o)
                              /usr/local/gcc-arm-none-eabi-4_9-2015q3/bin/../lib/gcc/arm-none-eabi/4.9.3/../../../../arm-none-eabi/lib/armv7e-m/fpu/libg.a(lib_a-exit.o) (_global_impure_ptr)
/usr/local/gcc-arm-none-eabi-4_9-2015q3/bin/../lib/gcc/arm-none-eabi/4.9.3/../../../../arm-none-eabi/lib/armv7e-m/fpu/libg.a(lib_a-init.o)
                              /usr/local/gcc-arm-none-eabi-4_9-2015q3/bin/../lib/gcc/arm-none-eabi/4.9.3/../../../../arm-none-eabi/lib/armv7e-m/fpu/crt0.o (__libc_init_array)
/usr/local/gcc-arm-none-eabi-4_9-2015q3/bin/../lib/gcc/arm-none-eabi/4.9.3/../../../../arm-none-eabi/lib/armv7e-m/fpu/libg.a(lib_a-memcpy.o)
                              ./Generated_Code/queue.o (memcpy)
/usr/local/gcc-arm-none-eabi-4_9-2015q3/bin/../lib/gcc/arm-none-eabi/4.9.3/../../../../arm-none-eabi/lib/armv7e-m/fpu/libg.a(lib_a-memset.o)
                              /usr/local/gcc-arm-none-eabi-4_9-2015q3/bin/../lib/gcc/arm-none-eabi/4.9.3/../../../../arm-none-eabi/lib/armv7e-m/fpu/crt0.o (memset)
/usr/local/gcc-arm-none-eabi-4_9-2015q3/bin/../lib/gcc/arm-none-eabi/4.9.3/../../../../arm-none-eabi/lib/armv7e-m/fpu/libg.a(lib_a-setjmp.o)
                              ./Generated_Code/port.o (setjmp)
/usr/local/gcc-arm-none-eabi-4_9-2015q3/bin/../lib/gcc/arm-none-eabi/4.9.3/../../../../arm-none-eabi/lib/armv7e-m/fpu/libg.a(lib_a-strchr.o)
                              ./Generated_Code/UTIL1.o (strchr)
/usr/local/gcc-arm-none-eabi-4_9-2015q3/bin/../lib/gcc/arm-none-eabi/4.9.3/../../../../arm-none-eabi/lib/armv7e-m/fpu/libg.a(lib_a-strlen.o)
                              ./Generated_Code/UTIL1.o (strlen)
/usr/local/gcc-arm-none-eabi-4_9-2015q3/bin/../lib/gcc/arm-none-eabi/4.9.3/../../../../arm-none-eabi/lib/armv7e-m/fpu/libg.a(lib_a-strncmp.o)
                              ./Generated_Code/UTIL1.o (strncmp)
/usr/local/gcc-arm-none-eabi-4_9-2015q3/bin/../lib/gcc/arm-none-eabi/4.9.3/../../../../arm-none-eabi/lib/armv7e-m/fpu/libg.a(lib_a-__call_atexit.o)
                              /usr/local/gcc-arm-none-eabi-4_9-2015q3/bin/../lib/gcc/arm-none-eabi/4.9.3/../../../../arm-none-eabi/lib/armv7e-m/fpu/libg.a(lib_a-exit.o) (__call_exitprocs)
/usr/local/gcc-arm-none-eabi-4_9-2015q3/bin/../lib/gcc/arm-none-eabi/4.9.3/../../../../arm-none-eabi/lib/armv7e-m/fpu/libg.a(lib_a-atexit.o)
                              /usr/local/gcc-arm-none-eabi-4_9-2015q3/bin/../lib/gcc/arm-none-eabi/4.9.3/../../../../arm-none-eabi/lib/armv7e-m/fpu/libg.a(lib_a-__call_atexit.o) (atexit)
/usr/local/gcc-arm-none-eabi-4_9-2015q3/bin/../lib/gcc/arm-none-eabi/4.9.3/../../../../arm-none-eabi/lib/armv7e-m/fpu/libg.a(lib_a-fini.o)
                              /usr/local/gcc-arm-none-eabi-4_9-2015q3/bin/../lib/gcc/arm-none-eabi/4.9.3/../../../../arm-none-eabi/lib/armv7e-m/fpu/libg.a(lib_a-__call_atexit.o) (__libc_fini_array)
/usr/local/gcc-arm-none-eabi-4_9-2015q3/bin/../lib/gcc/arm-none-eabi/4.9.3/../../../../arm-none-eabi/lib/armv7e-m/fpu/libg.a(lib_a-__atexit.o)
                              /usr/local/gcc-arm-none-eabi-4_9-2015q3/bin/../lib/gcc/arm-none-eabi/4.9.3/../../../../arm-none-eabi/lib/armv7e-m/fpu/libg.a(lib_a-atexit.o) (__register_exitproc)

Allocating common symbols
Common symbol       size              file

SR_reg              0x1               ./Static_Code/System/CPU_Init.o
taskSemaphore       0x4               ./Sources/Events.o

Discarded input sections

 .text          0x00000000        0x0 /usr/local/gcc-arm-none-eabi-4_9-2015q3/bin/../lib/gcc/arm-none-eabi/4.9.3/armv7e-m/fpu/crti.o
 .data          0x00000000        0x0 /usr/local/gcc-arm-none-eabi-4_9-2015q3/bin/../lib/gcc/arm-none-eabi/4.9.3/armv7e-m/fpu/crti.o
 .bss           0x00000000        0x0 /usr/local/gcc-arm-none-eabi-4_9-2015q3/bin/../lib/gcc/arm-none-eabi/4.9.3/armv7e-m/fpu/crti.o
 .data          0x00000000        0x4 /usr/local/gcc-arm-none-eabi-4_9-2015q3/bin/../lib/gcc/arm-none-eabi/4.9.3/armv7e-m/fpu/crtbegin.o
 .text          0x00000000       0x74 /usr/local/gcc-arm-none-eabi-4_9-2015q3/bin/../lib/gcc/arm-none-eabi/4.9.3/../../../../arm-none-eabi/lib/armv7e-m/fpu/crt0.o
 .data          0x00000000        0x0 /usr/local/gcc-arm-none-eabi-4_9-2015q3/bin/../lib/gcc/arm-none-eabi/4.9.3/../../../../arm-none-eabi/lib/armv7e-m/fpu/crt0.o
 .bss           0x00000000        0x0 /usr/local/gcc-arm-none-eabi-4_9-2015q3/bin/../lib/gcc/arm-none-eabi/4.9.3/../../../../arm-none-eabi/lib/armv7e-m/fpu/crt0.o
[...]
Memory Configuration

Name             Origin             Length             Attributes
m_interrupts     0x00000000         0x00000198         xr
m_text           0x00000410         0x000ffbf0         xr
m_data_1FFF0000  0x1fff0000         0x00010000         rw
m_data           0x20000000         0x00030000         rw
m_cfmprotrom     0x00000400         0x00000010         xr
*default*        0x00000000         0xffffffff

Linker script and memory map

LOAD /usr/local/gcc-arm-none-eabi-4_9-2015q3/bin/../lib/gcc/arm-none-eabi/4.9.3/armv7e-m/fpu/crti.o
LOAD /usr/local/gcc-arm-none-eabi-4_9-2015q3/bin/../lib/gcc/arm-none-eabi/4.9.3/armv7e-m/fpu/crtbegin.o
LOAD /usr/local/gcc-arm-none-eabi-4_9-2015q3/bin/../lib/gcc/arm-none-eabi/4.9.3/../../../../arm-none-eabi/lib/armv7e-m/fpu/crt0.o
LOAD ./Static_Code/System/CPU_Init.o
LOAD ./Static_Code/System/Peripherals_Init.o
LOAD ./Static_Code/System/Vectors.o
LOAD ./Static_Code/Peripherals/ADC0_Init.o
LOAD ./Static_Code/Peripherals/ADC1_Init.o
LOAD ./Static_Code/Peripherals/AIPS0_Init.o
LOAD ./Static_Code/Peripherals/AIPS1_Init.o
LOAD ./Static_Code/Peripherals/AXBS_Init.o
LOAD ./Static_Code/Peripherals/CAN0_Init.o
LOAD ./Static_Code/Peripherals/CMP0_Init.o
LOAD ./Static_Code/Peripherals/CMP1_Init.o
LOAD ./Static_Code/Peripherals/CMP2_Init.o
LOAD ./Static_Code/Peripherals/CMT_Init.o
LOAD ./Static_Code/Peripherals/CRC_Init.o
LOAD ./Static_Code/Peripherals/DAC0_Init.o
LOAD ./Static_Code/Peripherals/DAC1_Init.o
LOAD ./Static_Code/Peripherals/DMAMUX_Init.o
LOAD ./Static_Code/Peripherals/DMA_Init.o
LOAD ./Static_Code/Peripherals/ENET_Init.o
LOAD ./Static_Code/Peripherals/EWM_Init.o
LOAD ./Static_Code/Peripherals/FB_Init.o
LOAD ./Static_Code/Peripherals/FMC_Init.o
LOAD ./Static_Code/Peripherals/FTFE_Init.o
LOAD ./Static_Code/Peripherals/FTM0_Init.o
LOAD ./Static_Code/Peripherals/FTM1_Init.o
LOAD ./Static_Code/Peripherals/FTM2_Init.o
LOAD ./Static_Code/Peripherals/FTM3_Init.o
LOAD ./Static_Code/Peripherals/I2C0_Init.o
LOAD ./Static_Code/Peripherals/I2C1_Init.o
LOAD ./Static_Code/Peripherals/I2C2_Init.o
LOAD ./Static_Code/Peripherals/I2S0_Init.o
LOAD ./Static_Code/Peripherals/LLWU_Init.o
LOAD ./Static_Code/Peripherals/LPTMR0_Init.o
LOAD ./Static_Code/Peripherals/MCM_Init.o
LOAD ./Static_Code/Peripherals/MPU_Init.o
LOAD ./Static_Code/Peripherals/NVIC_Init.o
LOAD ./Static_Code/Peripherals/PDB0_Init.o
LOAD ./Static_Code/Peripherals/PIT_Init.o
LOAD ./Static_Code/Peripherals/PMC_Init.o
LOAD ./Static_Code/Peripherals/PORTA_Init.o
LOAD ./Static_Code/Peripherals/PORTB_Init.o
LOAD ./Static_Code/Peripherals/PORTC_Init.o
LOAD ./Static_Code/Peripherals/PORTD_Init.o
LOAD ./Static_Code/Peripherals/PORTE_Init.o
LOAD ./Static_Code/Peripherals/PTA_Init.o
LOAD ./Static_Code/Peripherals/PTB_Init.o
LOAD ./Static_Code/Peripherals/PTC_Init.o
LOAD ./Static_Code/Peripherals/PTD_Init.o
LOAD ./Static_Code/Peripherals/PTE_Init.o
LOAD ./Static_Code/Peripherals/RCM_Init.o
LOAD ./Static_Code/Peripherals/RNG_Init.o
LOAD ./Static_Code/Peripherals/RTC_Init.o
LOAD ./Static_Code/Peripherals/SDHC_Init.o
LOAD ./Static_Code/Peripherals/SIM_Init.o
LOAD ./Static_Code/Peripherals/SMC_Init.o
LOAD ./Static_Code/Peripherals/SPI0_Init.o
LOAD ./Static_Code/Peripherals/SPI1_Init.o
LOAD ./Static_Code/Peripherals/SPI2_Init.o
LOAD ./Static_Code/Peripherals/SysTick_Init.o
LOAD ./Static_Code/Peripherals/SystemControl_Init.o
LOAD ./Static_Code/Peripherals/UART0_Init.o
LOAD ./Static_Code/Peripherals/UART1_Init.o
LOAD ./Static_Code/Peripherals/UART2_Init.o
LOAD ./Static_Code/Peripherals/UART3_Init.o
LOAD ./Static_Code/Peripherals/UART4_Init.o
LOAD ./Static_Code/Peripherals/UART5_Init.o
LOAD ./Static_Code/Peripherals/USB0_Init.o
LOAD ./Static_Code/Peripherals/USBDCD_Init.o
LOAD ./Static_Code/Peripherals/VREF_Init.o
LOAD ./Static_Code/Peripherals/WDOG_Init.o
LOAD ./Sources/Events.o
LOAD ./Sources/main.o
LOAD ./Project_Settings/Startup_Code/startup.o
LOAD ./Generated_Code/Cpu.o
LOAD ./Generated_Code/FRTOS1.o
LOAD ./Generated_Code/PE_LDD.o
LOAD ./Generated_Code/TU1.o
LOAD ./Generated_Code/Timer.o
LOAD ./Generated_Code/TimerIntLdd1.o
LOAD ./Generated_Code/UTIL1.o
LOAD ./Generated_Code/croutine.o
LOAD ./Generated_Code/event_groups.o
LOAD ./Generated_Code/heap_1.o
LOAD ./Generated_Code/heap_2.o
LOAD ./Generated_Code/heap_3.o
LOAD ./Generated_Code/heap_4.o
LOAD ./Generated_Code/heap_5.o
LOAD ./Generated_Code/list.o
LOAD ./Generated_Code/port.o
LOAD ./Generated_Code/queue.o
LOAD ./Generated_Code/tasks.o
LOAD ./Generated_Code/timers.o
LOAD /usr/local/gcc-arm-none-eabi-4_9-2015q3/bin/../lib/gcc/arm-none-eabi/4.9.3/../../../../arm-none-eabi/lib/armv7e-m/fpu/libstdc++.a
LOAD /usr/local/gcc-arm-none-eabi-4_9-2015q3/bin/../lib/gcc/arm-none-eabi/4.9.3/../../../../arm-none-eabi/lib/armv7e-m/fpu/libm.a
START GROUP
LOAD /usr/local/gcc-arm-none-eabi-4_9-2015q3/bin/../lib/gcc/arm-none-eabi/4.9.3/armv7e-m/fpu/libgcc.a
LOAD /usr/local/gcc-arm-none-eabi-4_9-2015q3/bin/../lib/gcc/arm-none-eabi/4.9.3/../../../../arm-none-eabi/lib/armv7e-m/fpu/libg.a
LOAD /usr/local/gcc-arm-none-eabi-4_9-2015q3/bin/../lib/gcc/arm-none-eabi/4.9.3/../../../../arm-none-eabi/lib/armv7e-m/fpu/libc.a
END GROUP
LOAD /usr/local/gcc-arm-none-eabi-4_9-2015q3/bin/../lib/gcc/arm-none-eabi/4.9.3/armv7e-m/fpu/crtend.o
LOAD /usr/local/gcc-arm-none-eabi-4_9-2015q3/bin/../lib/gcc/arm-none-eabi/4.9.3/armv7e-m/fpu/crtn.o
                0x20030000                _estack = 0x20030000
                0x20030000                __SP_INIT = _estack
                0x00000000                __heap_size = 0x0
                0x00000400                __stack_size = 0x400

.interrupts     0x00000000      0x198
                0x00000000                __vector_table = .
                0x00000000                . = ALIGN (0x4)
 *(.vectortable)
 .vectortable   0x00000000      0x198 ./Static_Code/System/Vectors.o
                0x00000000                __vect_table
                0x00000198                . = ALIGN (0x4)

.cfmprotect     0x00000400       0x10
                0x00000400                . = ALIGN (0x4)
 *(.cfmconfig)
 .cfmconfig     0x00000400       0x10 ./Static_Code/System/CPU_Init.o
                0x00000400                _cfm
                0x00000410                . = ALIGN (0x4)

.text           0x00000410     0x29b8
                0x00000410                . = ALIGN (0x4)
 *(.text)
 .text          0x00000410       0x5c /usr/local/gcc-arm-none-eabi-4_9-2015q3/bin/../lib/gcc/arm-none-eabi/4.9.3/armv7e-m/fpu/crtbegin.o
 .text          0x0000046c      0x134 /usr/local/gcc-arm-none-eabi-4_9-2015q3/bin/../lib/gcc/arm-none-eabi/4.9.3/../../../../arm-none-eabi/lib/armv7e-m/fpu/libg.a(lib_a-memcpy.o)
                0x0000046c                memcpy
 .text          0x000005a0       0x1c /usr/local/gcc-arm-none-eabi-4_9-2015q3/bin/../lib/gcc/arm-none-eabi/4.9.3/../../../../arm-none-eabi/lib/armv7e-m/fpu/libg.a(lib_a-setjmp.o)
                0x000005a0                setjmp
                0x000005ac                longjmp
 *(.text*)
 .text.CPU_SetBASEPRI
                0x000005bc       0x18 ./Static_Code/System/CPU_Init.o
                0x000005bc                CPU_SetBASEPRI
 .text.__init_hardware
                0x000005d4       0x84 ./Static_Code/System/CPU_Init.o
                0x000005d4                __init_hardware
 .text.PE_low_level_init
                0x00000658       0x50 ./Static_Code/System/CPU_Init.o
                0x00000658                PE_low_level_init
 .text.CPU_GetClockGenMode
                0x000006a8       0x90 ./Static_Code/System/CPU_Init.o
                0x000006a8                CPU_GetClockGenMode
 .text.CPU_SetClockConfigGenMode
                0x00000738      0x5a8 ./Static_Code/System/CPU_Init.o
                0x00000738                CPU_SetClockConfigGenMode
 .text.UnhandledInterrupt
                0x00000ce0       0x18 ./Static_Code/System/Vectors.o
                0x00000ce0                UnhandledInterrupt
 .text.Cpu_OnNMI
                0x00000cf8        0xc ./Sources/Events.o
                0x00000cf8                Cpu_OnNMI
 .text.FRTOS1_vApplicationStackOverflowHook
                0x00000d04       0x14 ./Sources/Events.o
                0x00000d04                FRTOS1_vApplicationStackOverflowHook
 .text.FRTOS1_vApplicationTickHook
                0x00000d18        0xc ./Sources/Events.o
                0x00000d18                FRTOS1_vApplicationTickHook
 .text.FRTOS1_vApplicationIdleHook
                0x00000d24        0xc ./Sources/Events.o
                0x00000d24                FRTOS1_vApplicationIdleHook
 .text.FRTOS1_vApplicationMallocFailedHook
                0x00000d30       0x10 ./Sources/Events.o
                0x00000d30                FRTOS1_vApplicationMallocFailedHook
 .text.Timer_OnInterrupt
                0x00000d40       0x20 ./Sources/Events.o
                0x00000d40                Timer_OnInterrupt
 .text.randomTask
                0x00000d60        0xc ./Sources/main.o
                0x00000d60                randomTask
 .text.spawnerTask
                0x00000d6c       0x70 ./Sources/main.o
                0x00000d6c                spawnerTask
 .text.main     0x00000ddc       0x54 ./Sources/main.o
                0x00000ddc                main
 .text.__flush_cache
                0x00000e30       0x14 ./Project_Settings/Startup_Code/startup.o
                0x00000e30                __flush_cache
 .text.__copy_rom_section
                0x00000e44       0xe4 ./Project_Settings/Startup_Code/startup.o
                0x00000e44                __copy_rom_section
 .text.__copy_rom_sections_to_ram
                0x00000f28       0xc4 ./Project_Settings/Startup_Code/startup.o
                0x00000f28                __copy_rom_sections_to_ram
 .text.zero_fill_bss
                0x00000fec       0xb4 ./Project_Settings/Startup_Code/startup.o
 .text.__init_registers
                0x000010a0        0xc ./Project_Settings/Startup_Code/startup.o
                0x000010a0                __init_registers
 .text.__init_user
                0x000010ac        0xc ./Project_Settings/Startup_Code/startup.o
                0x000010ac                __init_user
 .text.__thumb_startup
                0x000010b8       0x48 ./Project_Settings/Startup_Code/startup.o
                0x000010b8                __thumb_startup
 .text.Components_Init
                0x00001100       0x10 ./Generated_Code/Cpu.o
                0x00001100                Components_Init
 .text.Cpu_INT_NMIInterrupt
                0x00001110       0x1c ./Generated_Code/Cpu.o
                0x00001110                Cpu_INT_NMIInterrupt
 .text.TU1_Init
                0x0000112c       0xf8 ./Generated_Code/TU1.o
                0x0000112c                TU1_Init
 .text.TU1_Interrupt
                0x00001224       0x6c ./Generated_Code/TU1.o
                0x00001224                TU1_Interrupt
 .text.TimerIntLdd1_OnInterrupt
                0x00001290       0x14 ./Generated_Code/Timer.o
                0x00001290                TimerIntLdd1_OnInterrupt
 .text.TimerIntLdd1_Init
                0x000012a4       0x50 ./Generated_Code/TimerIntLdd1.o
                0x000012a4                TimerIntLdd1_Init
 .text.TU1_OnCounterRestart
                0x000012f4       0x24 ./Generated_Code/TimerIntLdd1.o
                0x000012f4                TU1_OnCounterRestart
 .text.pvPortMalloc
                0x00001318      0x170 ./Generated_Code/heap_4.o
                0x00001318                pvPortMalloc
 .text.vPortFree
                0x00001488       0x9c ./Generated_Code/heap_4.o
                0x00001488                vPortFree
 .text.prvHeapInit
                0x00001524       0xc4 ./Generated_Code/heap_4.o
 .text.prvInsertBlockIntoFreeList
                0x000015e8       0xb0 ./Generated_Code/heap_4.o
 .text.vListInitialise
                0x00001698       0x40 ./Generated_Code/list.o
                0x00001698                vListInitialise
 .text.vListInitialiseItem
                0x000016d8       0x18 ./Generated_Code/list.o
                0x000016d8                vListInitialiseItem
 .text.vListInsertEnd
                0x000016f0       0x48 ./Generated_Code/list.o
                0x000016f0                vListInsertEnd
 .text.vListInsert
                0x00001738       0x70 ./Generated_Code/list.o
                0x00001738                vListInsert
 .text.uxListRemove
                0x000017a8       0x54 ./Generated_Code/list.o
                0x000017a8                uxListRemove
 .text.pxPortInitialiseStack
                0x000017fc       0x60 ./Generated_Code/port.o
                0x000017fc                pxPortInitialiseStack
 .text.vPortInitTickTimer
                0x0000185c       0x40 ./Generated_Code/port.o
                0x0000185c                vPortInitTickTimer
 .text.vPortStartTickTimer
                0x0000189c       0x18 ./Generated_Code/port.o
                0x0000189c                vPortStartTickTimer
 .text.vPortStopTickTimer
                0x000018b4       0x18 ./Generated_Code/port.o
                0x000018b4                vPortStopTickTimer
 .text.vPortEnableVFP
                0x000018cc       0x1c ./Generated_Code/port.o
                0x000018cc                vPortEnableVFP
 .text.xPortStartScheduler
                0x000018e8       0x58 ./Generated_Code/port.o
                0x000018e8                xPortStartScheduler
 .text.vPortEnterCritical
                0x00001940       0x2c ./Generated_Code/port.o
                0x00001940                vPortEnterCritical
 .text.vPortExitCritical
                0x0000196c       0x2c ./Generated_Code/port.o
                0x0000196c                vPortExitCritical
 .text.vPortYieldFromISR
                0x00001998       0x20 ./Generated_Code/port.o
                0x00001998                vPortYieldFromISR
 .text.vPortTickHandler
                0x000019b8       0x24 ./Generated_Code/port.o
                0x000019b8                vPortTickHandler
 .text.vPortStartFirstTask
                0x000019dc       0x20 ./Generated_Code/port.o
                0x000019dc                vPortStartFirstTask
 .text.vPortSVCHandler
                0x000019fc       0x1c ./Generated_Code/port.o
                0x000019fc                vPortSVCHandler
 .text.vPortPendSVHandler
                0x00001a18       0x50 ./Generated_Code/port.o
                0x00001a18                vPortPendSVHandler
 .text.xQueueGenericReset
                0x00001a68       0xb4 ./Generated_Code/queue.o
                0x00001a68                xQueueGenericReset
 .text.xQueueGenericCreate
                0x00001b1c       0x98 ./Generated_Code/queue.o
                0x00001b1c                xQueueGenericCreate
 .text.xQueueGiveFromISR
                0x00001bb4       0xcc ./Generated_Code/queue.o
                0x00001bb4                xQueueGiveFromISR
 .text.xQueueGenericReceive
                0x00001c80      0x1c8 ./Generated_Code/queue.o
                0x00001c80                xQueueGenericReceive
 .text.prvCopyDataFromQueue
                0x00001e48       0x4c ./Generated_Code/queue.o
 .text.prvUnlockQueue
                0x00001e94       0x98 ./Generated_Code/queue.o
 .text.prvIsQueueEmpty
                0x00001f2c       0x2c ./Generated_Code/queue.o
 .text.xTaskGenericCreate
                0x00001f58      0x16c ./Generated_Code/tasks.o
                0x00001f58                xTaskGenericCreate
 .text.vTaskStartScheduler
                0x000020c4       0x7c ./Generated_Code/tasks.o
                0x000020c4                vTaskStartScheduler
 .text.vTaskSuspendAll
                0x00002140       0x1c ./Generated_Code/tasks.o
                0x00002140                vTaskSuspendAll
 .text.xTaskResumeAll
                0x0000215c      0x110 ./Generated_Code/tasks.o
                0x0000215c                xTaskResumeAll
 .text.xTaskIncrementTick
                0x0000226c      0x184 ./Generated_Code/tasks.o
                0x0000226c                xTaskIncrementTick
 .text.vTaskSwitchContext
                0x000023f0       0xc8 ./Generated_Code/tasks.o
                0x000023f0                vTaskSwitchContext
 .text.vTaskPlaceOnEventList
                0x000024b8       0x70 ./Generated_Code/tasks.o
                0x000024b8                vTaskPlaceOnEventList
 .text.xTaskRemoveFromEventList
                0x00002528       0xbc ./Generated_Code/tasks.o
                0x00002528                xTaskRemoveFromEventList
 .text.vTaskSetTimeOutState
                0x000025e4       0x3c ./Generated_Code/tasks.o
                0x000025e4                vTaskSetTimeOutState
 .text.xTaskCheckForTimeOut
                0x00002620       0xa8 ./Generated_Code/tasks.o
                0x00002620                xTaskCheckForTimeOut
 .text.vTaskMissedYield
                0x000026c8       0x18 ./Generated_Code/tasks.o
                0x000026c8                vTaskMissedYield
 .text.prvIdleTask
                0x000026e0       0x24 ./Generated_Code/tasks.o
 .text.prvInitialiseTCBVariables
                0x00002704       0xa4 ./Generated_Code/tasks.o
 .text.prvInitialiseTaskLists
                0x000027a8       0x7c ./Generated_Code/tasks.o
 .text.prvCheckTasksWaitingTermination
                0x00002824       0x74 ./Generated_Code/tasks.o
 .text.prvAddCurrentTaskToDelayedList
                0x00002898       0x6c ./Generated_Code/tasks.o
 .text.prvAllocateTCBAndStack
                0x00002904       0x70 ./Generated_Code/tasks.o
 .text.prvDeleteTCB
                0x00002974       0x20 ./Generated_Code/tasks.o
 .text.prvResetNextTaskUnblockTime
                0x00002994       0x48 ./Generated_Code/tasks.o
 .text.xTaskGetSchedulerState
                0x000029dc       0x3c ./Generated_Code/tasks.o
                0x000029dc                xTaskGetSchedulerState
 .text.vTaskPriorityInherit
                0x00002a18       0xbc ./Generated_Code/tasks.o
                0x00002a18                vTaskPriorityInherit
 .text.pvTaskIncrementMutexHeldCount
                0x00002ad4       0x28 ./Generated_Code/tasks.o
                0x00002ad4                pvTaskIncrementMutexHeldCount
 .text.memset   0x00002afc       0x9c /usr/local/gcc-arm-none-eabi-4_9-2015q3/bin/../lib/gcc/arm-none-eabi/4.9.3/../../../../arm-none-eabi/lib/armv7e-m/fpu/libg.a(lib_a-memset.o)
                0x00002afc                memset
 .text.startup.register_fini
                0x00002b98       0x14 /usr/local/gcc-arm-none-eabi-4_9-2015q3/bin/../lib/gcc/arm-none-eabi/4.9.3/../../../../arm-none-eabi/lib/armv7e-m/fpu/libg.a(lib_a-__call_atexit.o)
 .text.atexit   0x00002bac        0xc /usr/local/gcc-arm-none-eabi-4_9-2015q3/bin/../lib/gcc/arm-none-eabi/4.9.3/../../../../arm-none-eabi/lib/armv7e-m/fpu/libg.a(lib_a-atexit.o)
                0x00002bac                atexit
 .text.__libc_fini_array
                0x00002bb8       0x2c /usr/local/gcc-arm-none-eabi-4_9-2015q3/bin/../lib/gcc/arm-none-eabi/4.9.3/../../../../arm-none-eabi/lib/armv7e-m/fpu/libg.a(lib_a-fini.o)
                0x00002bb8                __libc_fini_array
 .text.__register_exitproc
                0x00002be4       0xa4 /usr/local/gcc-arm-none-eabi-4_9-2015q3/bin/../lib/gcc/arm-none-eabi/4.9.3/../../../../arm-none-eabi/lib/armv7e-m/fpu/libg.a(lib_a-__atexit.o)
                0x00002be4                __register_exitproc
 *(.rodata)
 .rodata        0x00002c88       0x19 ./Sources/main.o
 *fill*         0x00002ca1        0x3 
 .rodata        0x00002ca4        0x5 ./Generated_Code/tasks.o
 *(.rodata*)
 *fill*         0x00002ca9        0x3 
 .rodata.ClockGenModeMatrix
                0x00002cac       0x80 ./Static_Code/System/CPU_Init.o
 .rodata.CPU_ClockConfigDescriptors
                0x00002d2c       0x1c ./Static_Code/System/CPU_Init.o
 .rodata.CPU_DefaultFEI
                0x00002d48        0x7 ./Static_Code/System/CPU_Init.o
 *fill*         0x00002d4f        0x1 
 .rodata.CPU_DefaultFBI
                0x00002d50        0x7 ./Static_Code/System/CPU_Init.o
 *fill*         0x00002d57        0x1 
 .rodata.CPU_DefaultBLPI
                0x00002d58        0x7 ./Static_Code/System/CPU_Init.o
 *fill*         0x00002d5f        0x1 
 .rodata.CPU_DefaultFEE
                0x00002d60        0x7 ./Static_Code/System/CPU_Init.o
 *fill*         0x00002d67        0x1 
 .rodata.CPU_DefaultFBE
                0x00002d68        0x7 ./Static_Code/System/CPU_Init.o
 *fill*         0x00002d6f        0x1 
 .rodata.CPU_DefaultBLPE
                0x00002d70        0x7 ./Static_Code/System/CPU_Init.o
 *fill*         0x00002d77        0x1 
 .rodata.CPU_DefaultPBE
                0x00002d78        0x7 ./Static_Code/System/CPU_Init.o
 *fill*         0x00002d7f        0x1 
 .rodata.CPU_DefaultPEE
                0x00002d80        0x7 ./Static_Code/System/CPU_Init.o
 *fill*         0x00002d87        0x1 
 .rodata.CPU_ClockGenModeRegs
                0x00002d88       0x20 ./Static_Code/System/CPU_Init.o
 .rodata.str1.4
                0x00002da8        0x4 /usr/local/gcc-arm-none-eabi-4_9-2015q3/bin/../lib/gcc/arm-none-eabi/4.9.3/../../../../arm-none-eabi/lib/armv7e-m/fpu/libg.a(lib_a-impure.o)
                                  0x2 (size before relaxing)
 .rodata._global_impure_ptr
                0x00002dac        0x4 /usr/local/gcc-arm-none-eabi-4_9-2015q3/bin/../lib/gcc/arm-none-eabi/4.9.3/../../../../arm-none-eabi/lib/armv7e-m/fpu/libg.a(lib_a-impure.o)
                0x00002dac                _global_impure_ptr
 *(.glue_7)
 .glue_7        0x00000000        0x0 linker stubs
 *(.glue_7t)
 .glue_7t       0x00000000        0x0 linker stubs
 *(.eh_frame)
 .eh_frame      0x00002db0        0x0 /usr/local/gcc-arm-none-eabi-4_9-2015q3/bin/../lib/gcc/arm-none-eabi/4.9.3/armv7e-m/fpu/crtbegin.o
 *(.init)
 .init          0x00002db0        0x4 /usr/local/gcc-arm-none-eabi-4_9-2015q3/bin/../lib/gcc/arm-none-eabi/4.9.3/armv7e-m/fpu/crti.o
                0x00002db0                _init
 .init          0x00002db4        0x8 /usr/local/gcc-arm-none-eabi-4_9-2015q3/bin/../lib/gcc/arm-none-eabi/4.9.3/armv7e-m/fpu/crtn.o
 *(.fini)
 .fini          0x00002dbc        0x4 /usr/local/gcc-arm-none-eabi-4_9-2015q3/bin/../lib/gcc/arm-none-eabi/4.9.3/armv7e-m/fpu/crti.o
                0x00002dbc                _fini
 .fini          0x00002dc0        0x8 /usr/local/gcc-arm-none-eabi-4_9-2015q3/bin/../lib/gcc/arm-none-eabi/4.9.3/armv7e-m/fpu/crtn.o
                0x00002dc8                . = ALIGN (0x4)
                0x00002dc8                _etext = .

.vfp11_veneer   0x00002dc8        0x0
 .vfp11_veneer  0x00000000        0x0 linker stubs

.v4_bx          0x00002dc8        0x0
 .v4_bx         0x00000000        0x0 linker stubs

.iplt           0x00002dc8        0x0
 .iplt          0x00000000        0x0 /usr/local/gcc-arm-none-eabi-4_9-2015q3/bin/../lib/gcc/arm-none-eabi/4.9.3/armv7e-m/fpu/crtbegin.o

.rel.dyn        0x00002dc8        0x0
 .rel.iplt      0x00000000        0x0 /usr/local/gcc-arm-none-eabi-4_9-2015q3/bin/../lib/gcc/arm-none-eabi/4.9.3/armv7e-m/fpu/crtbegin.o

.ARM.extab
 *(.ARM.extab* .gnu.linkonce.armextab.*)

.ARM            0x00002dc8        0x0
                0x00002dc8                __exidx_start = .
 *(.ARM.exidx*)
                0x00002dc8                __exidx_end = .

.ctors          0x00002dc8        0x0
                0x00002dc8                __CTOR_LIST__ = .
 *crtbegin.o(.ctors)
 *(EXCLUDE_FILE(*crtend.o) .ctors)
 *(SORT(.ctors.*))
 *(.ctors)
                0x00002dc8                __CTOR_END__ = .

.dtors          0x00002dc8        0x0
                0x00002dc8                __DTOR_LIST__ = .
 *crtbegin.o(.dtors)
 *(EXCLUDE_FILE(*crtend.o) .dtors)
 *(SORT(.dtors.*))
 *(.dtors)
                0x00002dc8                __DTOR_END__ = .

.preinit_array  0x00002dc8        0x0
                0x00002dc8                PROVIDE (__preinit_array_start, .)
 *(.preinit_array*)
                0x00002dc8                PROVIDE (__preinit_array_end, .)

.init_array     0x00002dc8        0x8
                0x00002dc8                PROVIDE (__init_array_start, .)
 *(SORT(.init_array.*))
 .init_array.00000
                0x00002dc8        0x4 /usr/local/gcc-arm-none-eabi-4_9-2015q3/bin/../lib/gcc/arm-none-eabi/4.9.3/../../../../arm-none-eabi/lib/armv7e-m/fpu/libg.a(lib_a-__call_atexit.o)
 *(.init_array*)
 .init_array    0x00002dcc        0x4 /usr/local/gcc-arm-none-eabi-4_9-2015q3/bin/../lib/gcc/arm-none-eabi/4.9.3/armv7e-m/fpu/crtbegin.o
                0x00002dd0                PROVIDE (__init_array_end, .)

.fini_array     0x00002dd0        0x4
                0x00002dd0                PROVIDE (__fini_array_start, .)
 *(SORT(.fini_array.*))
 *(.fini_array*)
 .fini_array    0x00002dd0        0x4 /usr/local/gcc-arm-none-eabi-4_9-2015q3/bin/../lib/gcc/arm-none-eabi/4.9.3/armv7e-m/fpu/crtbegin.o
                0x00002dd4                PROVIDE (__fini_array_end, .)
                0x00002dd4                ___ROM_AT = .

.data           0x20000000      0x430 load address 0x00002dd4
                0x20000000                . = ALIGN (0x4)
                0x20000000                _sdata = .
 *(.data)
 *(.data*)
 .data.uxCriticalNesting
                0x20000000        0x4 ./Generated_Code/port.o
 *fill*         0x20000004        0x4 
 .data.impure_data
                0x20000008      0x428 /usr/local/gcc-arm-none-eabi-4_9-2015q3/bin/../lib/gcc/arm-none-eabi/4.9.3/../../../../arm-none-eabi/lib/armv7e-m/fpu/libg.a(lib_a-impure.o)
                0x20000430                . = ALIGN (0x4)
                0x20000430                _edata = .
                0x00000430                ___data_size = (_edata - _sdata)
                0x00003204                ___m_data_1FFF0000_ROMStart = (___ROM_AT + SIZEOF (.data))

.jcr            0x20000430        0x0 load address 0x00003204
 .jcr           0x20000430        0x0 /usr/local/gcc-arm-none-eabi-4_9-2015q3/bin/../lib/gcc/arm-none-eabi/4.9.3/armv7e-m/fpu/crtbegin.o

.igot.plt       0x20000430        0x0 load address 0x00003204
 .igot.plt      0x00000000        0x0 /usr/local/gcc-arm-none-eabi-4_9-2015q3/bin/../lib/gcc/arm-none-eabi/4.9.3/armv7e-m/fpu/crtbegin.o

.m_data_1FFF0000
                0x1fff0000        0x0 load address 0x00003204
                0x1fff0000                . = ALIGN (0x4)
                0x1fff0000                ___m_data_1FFF0000_RAMStart = .
 *(.m_data_1FFF0000)
                0x1fff0000                ___m_data_1FFF0000_RAMEnd = .
                0x1fff0000                . = ALIGN (0x4)
                0x00000000                ___m_data_1FFF0000_ROMSize = (___m_data_1FFF0000_RAMEnd - ___m_data_1FFF0000_RAMStart)
                0x1fff0000                . = ALIGN (0x4)

.bss            0x20000430     0x2908 load address 0x00003204
                0x20000430                __START_BSS = .
                0x20000430                PROVIDE (__bss_start__, __START_BSS)
 *(.bss)
 .bss           0x20000430       0x1c /usr/local/gcc-arm-none-eabi-4_9-2015q3/bin/../lib/gcc/arm-none-eabi/4.9.3/armv7e-m/fpu/crtbegin.o
 *(.bss*)
 .bss.argv      0x2000044c       0x28 ./Project_Settings/Startup_Code/startup.o
 .bss.PE_LDD_DeviceDataList
                0x20000474        0x8 ./Generated_Code/PE_LDD.o
                0x20000474                PE_LDD_DeviceDataList
 .bss.DeviceDataPrv__DEFAULT_RTOS_ALLOC
                0x2000047c        0xc ./Generated_Code/TU1.o
 .bss.INT_FTM0__BAREBOARD_RTOS_ISRPARAM
                0x20000488        0x4 ./Generated_Code/TU1.o
 .bss.DeviceDataPrv__DEFAULT_RTOS_ALLOC
                0x2000048c        0xc ./Generated_Code/TimerIntLdd1.o
 .bss.ucHeap    0x20000498     0x2710 ./Generated_Code/heap_4.o
 .bss.xStart    0x20002ba8        0x8 ./Generated_Code/heap_4.o
 .bss.pxEnd     0x20002bb0        0x4 ./Generated_Code/heap_4.o
 .bss.xFreeBytesRemaining
                0x20002bb4        0x4 ./Generated_Code/heap_4.o
 .bss.xMinimumEverFreeBytesRemaining
                0x20002bb8        0x4 ./Generated_Code/heap_4.o
 .bss.xBlockAllocatedBit
                0x20002bbc        0x4 ./Generated_Code/heap_4.o
 .bss.xJumpBuf  0x20002bc0       0x5c ./Generated_Code/port.o
 .bss.pxCurrentTCB
                0x20002c1c        0x4 ./Generated_Code/tasks.o
                0x20002c1c                pxCurrentTCB
 .bss.pxReadyTasksLists
                0x20002c20       0x78 ./Generated_Code/tasks.o
 .bss.xDelayedTaskList1
                0x20002c98       0x14 ./Generated_Code/tasks.o
 .bss.xDelayedTaskList2
                0x20002cac       0x14 ./Generated_Code/tasks.o
 .bss.pxDelayedTaskList
                0x20002cc0        0x4 ./Generated_Code/tasks.o
 .bss.pxOverflowDelayedTaskList
                0x20002cc4        0x4 ./Generated_Code/tasks.o
 .bss.xPendingReadyList
                0x20002cc8       0x14 ./Generated_Code/tasks.o
 .bss.xTasksWaitingTermination
                0x20002cdc       0x14 ./Generated_Code/tasks.o
 .bss.uxTasksDeleted
                0x20002cf0        0x4 ./Generated_Code/tasks.o
 .bss.xSuspendedTaskList
                0x20002cf4       0x14 ./Generated_Code/tasks.o
 .bss.xIdleTaskHandle
                0x20002d08        0x4 ./Generated_Code/tasks.o
 .bss.uxCurrentNumberOfTasks
                0x20002d0c        0x4 ./Generated_Code/tasks.o
 .bss.xTickCount
                0x20002d10        0x4 ./Generated_Code/tasks.o
 .bss.uxTopReadyPriority
                0x20002d14        0x4 ./Generated_Code/tasks.o
 .bss.xSchedulerRunning
                0x20002d18        0x4 ./Generated_Code/tasks.o
 .bss.uxPendedTicks
                0x20002d1c        0x4 ./Generated_Code/tasks.o
 .bss.xYieldPending
                0x20002d20        0x4 ./Generated_Code/tasks.o
 .bss.xNumOfOverflows
                0x20002d24        0x4 ./Generated_Code/tasks.o
 .bss.uxTaskNumber
                0x20002d28        0x4 ./Generated_Code/tasks.o
 .bss.xNextTaskUnblockTime
                0x20002d2c        0x4 ./Generated_Code/tasks.o
 .bss.uxSchedulerSuspended
                0x20002d30        0x4 ./Generated_Code/tasks.o
 *(COMMON)
 COMMON         0x20002d34        0x4 ./Sources/Events.o
                0x20002d34                taskSemaphore
                0x20002d38                . = ALIGN (0x4)
                0x20002d38                __END_BSS = .
                0x20002d38                PROVIDE (__bss_end__, __END_BSS)
                0x00003204                _romp_at = ((___ROM_AT + SIZEOF (.data)) + SIZEOF (.m_data_1FFF0000))

.romp           0x20002d38       0x24 load address 0x00003204
                0x00003204                __S_romp = _romp_at
                0x20002d38        0x4 LONG 0x2dd4 ___ROM_AT
                0x20002d3c        0x4 LONG 0x20000000 _sdata
                0x20002d40        0x4 LONG 0x430 ___data_size
                0x20002d44        0x4 LONG 0x3204 ___m_data_1FFF0000_ROMStart
                0x20002d48        0x4 LONG 0x1fff0000 ___m_data_1FFF0000_RAMStart
                0x20002d4c        0x4 LONG 0x0 ___m_data_1FFF0000_ROMSize
                0x20002d50        0x4 LONG 0x0
                0x20002d54        0x4 LONG 0x0
                0x20002d58        0x4 LONG 0x0

._user_heap_stack
                0x20002d5c      0x400 load address 0x00003228
                0x20002d5c                . = ALIGN (0x4)
                0x20002d5c                PROVIDE (end, .)
                0x20002d5c                PROVIDE (_end, .)
                0x20002d5c                __heap_addr = .
                0x20002d5c                . = (. + __heap_size)
                0x2000315c                . = (. + __stack_size)
 *fill*         0x20002d5c      0x400 
                0x2000315c                . = ALIGN (0x4)

.ARM.attributes
                0x00000000       0x30
 *(.ARM.attributes)
 .ARM.attributes
                0x00000000       0x22 /usr/local/gcc-arm-none-eabi-4_9-2015q3/bin/../lib/gcc/arm-none-eabi/4.9.3/armv7e-m/fpu/crti.o
 .ARM.attributes
                0x00000022       0x34 /usr/local/gcc-arm-none-eabi-4_9-2015q3/bin/../lib/gcc/arm-none-eabi/4.9.3/armv7e-m/fpu/crtbegin.o
 .ARM.attributes
                0x00000056       0x39 ./Static_Code/System/CPU_Init.o
 .ARM.attributes
                0x0000008f       0x39 ./Static_Code/System/Vectors.o
 .ARM.attributes
                0x000000c8       0x39 ./Sources/Events.o
 .ARM.attributes
                0x00000101       0x39 ./Sources/main.o
 .ARM.attributes
                0x0000013a       0x39 ./Project_Settings/Startup_Code/startup.o
 .ARM.attributes
                0x00000173       0x39 ./Generated_Code/Cpu.o
 .ARM.attributes
                0x000001ac       0x39 ./Generated_Code/PE_LDD.o
 .ARM.attributes
                0x000001e5       0x39 ./Generated_Code/TU1.o
 .ARM.attributes
                0x0000021e       0x39 ./Generated_Code/Timer.o
 .ARM.attributes
                0x00000257       0x39 ./Generated_Code/TimerIntLdd1.o
 .ARM.attributes
                0x00000290       0x39 ./Generated_Code/heap_4.o
 .ARM.attributes
                0x000002c9       0x39 ./Generated_Code/list.o
 .ARM.attributes
                0x00000302       0x39 ./Generated_Code/port.o
 .ARM.attributes
                0x0000033b       0x39 ./Generated_Code/queue.o
 .ARM.attributes
                0x00000374       0x39 ./Generated_Code/tasks.o
 .ARM.attributes
                0x000003ad       0x34 /usr/local/gcc-arm-none-eabi-4_9-2015q3/bin/../lib/gcc/arm-none-eabi/4.9.3/../../../../arm-none-eabi/lib/armv7e-m/fpu/libg.a(lib_a-impure.o)
 .ARM.attributes
                0x000003e1       0x20 /usr/local/gcc-arm-none-eabi-4_9-2015q3/bin/../lib/gcc/arm-none-eabi/4.9.3/../../../../arm-none-eabi/lib/armv7e-m/fpu/libg.a(lib_a-memcpy.o)
 .ARM.attributes
                0x00000401       0x34 /usr/local/gcc-arm-none-eabi-4_9-2015q3/bin/../lib/gcc/arm-none-eabi/4.9.3/../../../../arm-none-eabi/lib/armv7e-m/fpu/libg.a(lib_a-memset.o)
 .ARM.attributes
                0x00000435       0x20 /usr/local/gcc-arm-none-eabi-4_9-2015q3/bin/../lib/gcc/arm-none-eabi/4.9.3/../../../../arm-none-eabi/lib/armv7e-m/fpu/libg.a(lib_a-setjmp.o)
 .ARM.attributes
                0x00000455       0x34 /usr/local/gcc-arm-none-eabi-4_9-2015q3/bin/../lib/gcc/arm-none-eabi/4.9.3/../../../../arm-none-eabi/lib/armv7e-m/fpu/libg.a(lib_a-__call_atexit.o)
 .ARM.attributes
                0x00000489       0x34 /usr/local/gcc-arm-none-eabi-4_9-2015q3/bin/../lib/gcc/arm-none-eabi/4.9.3/../../../../arm-none-eabi/lib/armv7e-m/fpu/libg.a(lib_a-atexit.o)
 .ARM.attributes
                0x000004bd       0x34 /usr/local/gcc-arm-none-eabi-4_9-2015q3/bin/../lib/gcc/arm-none-eabi/4.9.3/../../../../arm-none-eabi/lib/armv7e-m/fpu/libg.a(lib_a-fini.o)
 .ARM.attributes
                0x000004f1       0x34 /usr/local/gcc-arm-none-eabi-4_9-2015q3/bin/../lib/gcc/arm-none-eabi/4.9.3/../../../../arm-none-eabi/lib/armv7e-m/fpu/libg.a(lib_a-__atexit.o)
 .ARM.attributes
                0x00000525       0x22 /usr/local/gcc-arm-none-eabi-4_9-2015q3/bin/../lib/gcc/arm-none-eabi/4.9.3/armv7e-m/fpu/crtn.o
OUTPUT(TaskOverload.elf elf32-littlearm)

.debug_info     0x00000000     0x4a3e
 .debug_info    0x00000000      0xa7f ./Static_Code/System/CPU_Init.o
 .debug_info    0x00000a7f      0x825 ./Static_Code/System/Vectors.o
 .debug_info    0x000012a4      0x157 ./Sources/Events.o
 .debug_info    0x000013fb      0x162 ./Sources/main.o
 .debug_info    0x0000155d      0x308 ./Project_Settings/Startup_Code/startup.o
 .debug_info    0x00001865       0xa7 ./Generated_Code/Cpu.o
 .debug_info    0x0000190c      0x251 ./Generated_Code/PE_LDD.o
 .debug_info    0x00001b5d      0x647 ./Generated_Code/TU1.o
 .debug_info    0x000021a4       0xb2 ./Generated_Code/Timer.o
 .debug_info    0x00002256      0x177 ./Generated_Code/TimerIntLdd1.o
 .debug_info    0x000023cd      0x305 ./Generated_Code/heap_4.o
 .debug_info    0x000026d2      0x2a8 ./Generated_Code/list.o
 .debug_info    0x0000297a      0x287 ./Generated_Code/port.o
 .debug_info    0x00002c01      0xab3 ./Generated_Code/queue.o
 .debug_info    0x000036b4     0x138a ./Generated_Code/tasks.o

.debug_abbrev   0x00000000     0x102e
 .debug_abbrev  0x00000000      0x1bf ./Static_Code/System/CPU_Init.o
 .debug_abbrev  0x000001bf       0xd8 ./Static_Code/System/Vectors.o
 .debug_abbrev  0x00000297       0xc5 ./Sources/Events.o
 .debug_abbrev  0x0000035c       0xc7 ./Sources/main.o
 .debug_abbrev  0x00000423      0x148 ./Project_Settings/Startup_Code/startup.o
 .debug_abbrev  0x0000056b       0x45 ./Generated_Code/Cpu.o
 .debug_abbrev  0x000005b0      0x10d ./Generated_Code/PE_LDD.o
 .debug_abbrev  0x000006bd      0x16a ./Generated_Code/TU1.o
 .debug_abbrev  0x00000827       0x68 ./Generated_Code/Timer.o
 .debug_abbrev  0x0000088f       0xdd ./Generated_Code/TimerIntLdd1.o
 .debug_abbrev  0x0000096c      0x15b ./Generated_Code/heap_4.o
 .debug_abbrev  0x00000ac7       0xc1 ./Generated_Code/list.o
 .debug_abbrev  0x00000b88      0x10c ./Generated_Code/port.o
 .debug_abbrev  0x00000c94      0x160 ./Generated_Code/queue.o
 .debug_abbrev  0x00000df4      0x23a ./Generated_Code/tasks.o

.debug_aranges  0x00000000      0x8d0
 .debug_aranges
                0x00000000       0x40 ./Static_Code/System/CPU_Init.o
 .debug_aranges
                0x00000040      0x340 ./Static_Code/System/Vectors.o
 .debug_aranges
                0x00000380       0x48 ./Sources/Events.o
 .debug_aranges
                0x000003c8       0x30 ./Sources/main.o
 .debug_aranges
                0x000003f8       0x60 ./Project_Settings/Startup_Code/startup.o
 .debug_aranges
                0x00000458       0x28 ./Generated_Code/Cpu.o
 .debug_aranges
                0x00000480       0x30 ./Generated_Code/PE_LDD.o
 .debug_aranges
                0x000004b0       0x28 ./Generated_Code/TU1.o
 .debug_aranges
                0x000004d8       0x20 ./Generated_Code/Timer.o
 .debug_aranges
                0x000004f8       0x28 ./Generated_Code/TimerIntLdd1.o
 .debug_aranges
                0x00000520       0x50 ./Generated_Code/heap_4.o
 .debug_aranges
                0x00000570       0x40 ./Generated_Code/list.o
 .debug_aranges
                0x000005b0       0x98 ./Generated_Code/port.o
 .debug_aranges
                0x00000648       0xd8 ./Generated_Code/queue.o
 .debug_aranges
                0x00000720      0x1b0 ./Generated_Code/tasks.o

.debug_ranges   0x00000000      0x7e0
 .debug_ranges  0x00000000       0x30 ./Static_Code/System/CPU_Init.o
 .debug_ranges  0x00000030      0x330 ./Static_Code/System/Vectors.o
 .debug_ranges  0x00000360       0x38 ./Sources/Events.o
 .debug_ranges  0x00000398       0x20 ./Sources/main.o
 .debug_ranges  0x000003b8       0x50 ./Project_Settings/Startup_Code/startup.o
 .debug_ranges  0x00000408       0x18 ./Generated_Code/Cpu.o
 .debug_ranges  0x00000420       0x20 ./Generated_Code/PE_LDD.o
 .debug_ranges  0x00000440       0x18 ./Generated_Code/TU1.o
 .debug_ranges  0x00000458       0x10 ./Generated_Code/Timer.o
 .debug_ranges  0x00000468       0x18 ./Generated_Code/TimerIntLdd1.o
 .debug_ranges  0x00000480       0x40 ./Generated_Code/heap_4.o
 .debug_ranges  0x000004c0       0x30 ./Generated_Code/list.o
 .debug_ranges  0x000004f0       0x88 ./Generated_Code/port.o
 .debug_ranges  0x00000578       0xc8 ./Generated_Code/queue.o
 .debug_ranges  0x00000640      0x1a0 ./Generated_Code/tasks.o

.debug_macro    0x00000000    0x20d27
 .debug_macro   0x00000000      0x2bc ./Static_Code/System/CPU_Init.o
 .debug_macro   0x000002bc      0x86e ./Static_Code/System/CPU_Init.o
 .debug_macro   0x00000b2a       0x22 ./Static_Code/System/CPU_Init.o
 .debug_macro   0x00000b4c       0x44 ./Static_Code/System/CPU_Init.o
 .debug_macro   0x00000b90       0xe3 ./Static_Code/System/CPU_Init.o
 .debug_macro   0x00000c73       0x22 ./Static_Code/System/CPU_Init.o
 .debug_macro   0x00000c95      0x1df ./Static_Code/System/CPU_Init.o
 .debug_macro   0x00000e74     0x177c ./Static_Code/System/CPU_Init.o
 .debug_macro   0x000025f0    0x10f7a ./Static_Code/System/CPU_Init.o
 .debug_macro   0x0001356a      0x472 ./Static_Code/System/CPU_Init.o
 .debug_macro   0x000139dc      0x14e ./Static_Code/System/CPU_Init.o
 .debug_macro   0x00013b2a       0x6a ./Static_Code/System/CPU_Init.o
 .debug_macro   0x00013b94       0x58 ./Static_Code/System/CPU_Init.o
 .debug_macro   0x00013bec       0x35 ./Static_Code/System/CPU_Init.o
 .debug_macro   0x00013c21       0x9c ./Static_Code/System/CPU_Init.o
 .debug_macro   0x00013cbd       0x16 ./Static_Code/System/CPU_Init.o
 .debug_macro   0x00013cd3       0x94 ./Static_Code/System/CPU_Init.o
 .debug_macro   0x00013d67      0x6a0 ./Static_Code/System/CPU_Init.o
 .debug_macro   0x00014407       0x49 ./Static_Code/System/CPU_Init.o
 .debug_macro   0x00014450       0x1c ./Static_Code/System/CPU_Init.o
 .debug_macro   0x0001446c      0x166 ./Static_Code/System/CPU_Init.o
 .debug_macro   0x000145d2       0x52 ./Static_Code/System/CPU_Init.o
 .debug_macro   0x00014624       0x16 ./Static_Code/System/CPU_Init.o
 .debug_macro   0x0001463a       0x43 ./Static_Code/System/CPU_Init.o
 .debug_macro   0x0001467d      0x180 ./Static_Code/System/CPU_Init.o
 .debug_macro   0x000147fd      0x29d ./Static_Code/System/CPU_Init.o
 .debug_macro   0x00014a9a       0x10 ./Static_Code/System/CPU_Init.o
 .debug_macro   0x00014aaa       0x35 ./Static_Code/System/CPU_Init.o
 .debug_macro   0x00014adf       0x19 ./Static_Code/System/CPU_Init.o
 .debug_macro   0x00014af8      0x2a7 ./Static_Code/System/CPU_Init.o
 .debug_macro   0x00014d9f      0x15d ./Static_Code/System/CPU_Init.o
 .debug_macro   0x00014efc       0xce ./Static_Code/System/CPU_Init.o
 .debug_macro   0x00014fca       0x10 ./Static_Code/System/CPU_Init.o
 .debug_macro   0x00014fda       0x1f ./Static_Code/System/CPU_Init.o
 .debug_macro   0x00014ff9       0xc0 ./Static_Code/System/CPU_Init.o
 .debug_macro   0x000150b9       0x9a ./Static_Code/System/CPU_Init.o
 .debug_macro   0x00015153      0x361 ./Static_Code/System/CPU_Init.o
 .debug_macro   0x000154b4       0xb0 ./Static_Code/System/CPU_Init.o
 .debug_macro   0x00015564       0x7f ./Static_Code/System/CPU_Init.o
 .debug_macro   0x000155e3       0x97 ./Static_Code/System/CPU_Init.o
 .debug_macro   0x0001567a       0x19 ./Static_Code/System/CPU_Init.o
 .debug_macro   0x00015693      0x2d5 ./Static_Code/System/CPU_Init.o
 .debug_macro   0x00015968      0x296 ./Static_Code/System/CPU_Init.o
 .debug_macro   0x00015bfe      0x2aa ./Static_Code/System/Vectors.o
 .debug_macro   0x00015ea8      0x3dc ./Sources/Events.o
 .debug_macro   0x00016284      0x61c ./Sources/Events.o
 .debug_macro   0x000168a0      0x626 ./Sources/Events.o
 .debug_macro   0x00016ec6      0x327 ./Sources/Events.o
 .debug_macro   0x000171ed      0x1e8 ./Sources/Events.o
 .debug_macro   0x000173d5      0x109 ./Sources/Events.o
 .debug_macro   0x000174de      0x17e ./Sources/Events.o
 .debug_macro   0x0001765c      0x200 ./Sources/Events.o
 .debug_macro   0x0001785c      0x91e ./Sources/Events.o
 .debug_macro   0x0001817a      0x588 ./Sources/Events.o
 .debug_macro   0x00018702       0x9e ./Sources/Events.o
 .debug_macro   0x000187a0      0x1f7 ./Sources/Events.o
 .debug_macro   0x00018997      0x50f ./Sources/Events.o
 .debug_macro   0x00018ea6      0x131 ./Sources/Events.o
 .debug_macro   0x00018fd7      0x297 ./Sources/Events.o
 .debug_macro   0x0001926e      0x318 ./Sources/Events.o
 .debug_macro   0x00019586      0x25a ./Sources/Events.o
 .debug_macro   0x000197e0      0x13d ./Sources/Events.o
 .debug_macro   0x0001991d      0x30b ./Sources/Events.o
 .debug_macro   0x00019c28       0xba ./Sources/Events.o
 .debug_macro   0x00019ce2       0xe9 ./Sources/Events.o
 .debug_macro   0x00019dcb      0x4e9 ./Sources/Events.o
 .debug_macro   0x0001a2b4      0x191 ./Sources/Events.o
 .debug_macro   0x0001a445       0xea ./Sources/Events.o
 .debug_macro   0x0001a52f      0x348 ./Sources/Events.o
 .debug_macro   0x0001a877      0x7d6 ./Sources/Events.o
 .debug_macro   0x0001b04d      0x179 ./Sources/Events.o
 .debug_macro   0x0001b1c6      0x645 ./Sources/Events.o
 .debug_macro   0x0001b80b      0x892 ./Sources/Events.o
 .debug_macro   0x0001c09d      0x11c ./Sources/Events.o
 .debug_macro   0x0001c1b9      0x648 ./Sources/Events.o
 .debug_macro   0x0001c801       0x81 ./Sources/Events.o
 .debug_macro   0x0001c882      0x7bf ./Sources/Events.o
 .debug_macro   0x0001d041      0x10f ./Sources/Events.o
 .debug_macro   0x0001d150      0x614 ./Sources/Events.o
 .debug_macro   0x0001d764      0x181 ./Sources/Events.o
 .debug_macro   0x0001d8e5      0x3dc ./Sources/main.o
 .debug_macro   0x0001dcc1      0x102 ./Project_Settings/Startup_Code/startup.o
 .debug_macro   0x0001ddc3       0x4a ./Project_Settings/Startup_Code/startup.o
 .debug_macro   0x0001de0d       0x16 ./Project_Settings/Startup_Code/startup.o
 .debug_macro   0x0001de23       0x22 ./Project_Settings/Startup_Code/startup.o
 .debug_macro   0x0001de45      0x2b0 ./Generated_Code/Cpu.o
 .debug_macro   0x0001e0f5     0x1776 ./Generated_Code/Cpu.o
 .debug_macro   0x0001f86b      0x268 ./Generated_Code/PE_LDD.o
 .debug_macro   0x0001fad3      0x189 ./Generated_Code/TU1.o
 .debug_macro   0x0001fc5c      0x289 ./Generated_Code/Timer.o
 .debug_macro   0x0001fee5      0x193 ./Generated_Code/TimerIntLdd1.o
 .debug_macro   0x00020078      0x2c8 ./Generated_Code/heap_4.o
 .debug_macro   0x00020340       0x16 ./Generated_Code/heap_4.o
 .debug_macro   0x00020356      0x180 ./Generated_Code/list.o
 .debug_macro   0x000204d6      0x269 ./Generated_Code/port.o
 .debug_macro   0x0002073f       0xc8 ./Generated_Code/port.o
 .debug_macro   0x00020807      0x1df ./Generated_Code/queue.o
 .debug_macro   0x000209e6      0x331 ./Generated_Code/tasks.o
 .debug_macro   0x00020d17       0x10 ./Generated_Code/tasks.o

.debug_line     0x00000000     0x66de
 .debug_line    0x00000000      0x6e8 ./Static_Code/System/CPU_Init.o
 .debug_line    0x000006e8      0xc9c ./Static_Code/System/Vectors.o
 .debug_line    0x00001384      0x779 ./Sources/Events.o
 .debug_line    0x00001afd      0x765 ./Sources/main.o
 .debug_line    0x00002262      0x344 ./Project_Settings/Startup_Code/startup.o
 .debug_line    0x000025a6      0x5f2 ./Generated_Code/Cpu.o
 .debug_line    0x00002b98      0x54d ./Generated_Code/PE_LDD.o
 .debug_line    0x000030e5      0x4a7 ./Generated_Code/TU1.o
 .debug_line    0x0000358c      0x574 ./Generated_Code/Timer.o
 .debug_line    0x00003b00      0x49b ./Generated_Code/TimerIntLdd1.o
 .debug_line    0x00003f9b      0x6c3 ./Generated_Code/heap_4.o
 .debug_line    0x0000465e      0x34d ./Generated_Code/list.o
 .debug_line    0x000049ab      0x557 ./Generated_Code/port.o
 .debug_line    0x00004f02      0x848 ./Generated_Code/queue.o
 .debug_line    0x0000574a      0xf94 ./Generated_Code/tasks.o

.debug_str      0x00000000    0xec52f
 .debug_str     0x00000000    0x7da82 ./Static_Code/System/CPU_Init.o
                              0x7dcbd (size before relaxing)
 .debug_str     0x0007da82      0x984 ./Static_Code/System/Vectors.o
                              0x7e0fc (size before relaxing)
 .debug_str     0x0007e406    0x6b625 ./Sources/Events.o
                              0xe7d6f (size before relaxing)
 .debug_str     0x000e9a2b       0x52 ./Sources/main.o
                              0xe7d1b (size before relaxing)
 .debug_str     0x000e9a7d      0x1f4 ./Project_Settings/Startup_Code/startup.o
                               0x4dbf (size before relaxing)
 .debug_str     0x000e9c71       0x28 ./Generated_Code/Cpu.o
                              0x7c74f (size before relaxing)
 .debug_str     0x000e9c99      0x191 ./Generated_Code/PE_LDD.o
                              0x7c8d7 (size before relaxing)
 .debug_str     0x000e9e2a      0x20d ./Generated_Code/TU1.o
                              0x76d58 (size before relaxing)
 .debug_str     0x000ea037       0x33 ./Generated_Code/Timer.o
                              0x7c759 (size before relaxing)
 .debug_str     0x000ea06a       0xbe ./Generated_Code/TimerIntLdd1.o
                              0x76b57 (size before relaxing)
 .debug_str     0x000ea128      0x284 ./Generated_Code/heap_4.o
                              0x7ca48 (size before relaxing)
 .debug_str     0x000ea3ac      0x124 ./Generated_Code/list.o
                              0x102bb (size before relaxing)
 .debug_str     0x000ea4d0      0xa27 ./Generated_Code/port.o
                              0x6e0a6 (size before relaxing)
 .debug_str     0x000eaef7      0x62c ./Generated_Code/queue.o
                              0x1134a (size before relaxing)
 .debug_str     0x000eb523     0x100c ./Generated_Code/tasks.o
                              0x7d9ff (size before relaxing)

.comment        0x00000000       0x70
 .comment       0x00000000       0x70 ./Static_Code/System/CPU_Init.o
                                 0x71 (size before relaxing)
 .comment       0x00000000       0x71 ./Static_Code/System/Vectors.o
 .comment       0x00000000       0x71 ./Sources/Events.o
 .comment       0x00000000       0x71 ./Sources/main.o
 .comment       0x00000000       0x71 ./Project_Settings/Startup_Code/startup.o
 .comment       0x00000000       0x71 ./Generated_Code/Cpu.o
 .comment       0x00000000       0x71 ./Generated_Code/PE_LDD.o
 .comment       0x00000000       0x71 ./Generated_Code/TU1.o
 .comment       0x00000000       0x71 ./Generated_Code/Timer.o
 .comment       0x00000000       0x71 ./Generated_Code/TimerIntLdd1.o
 .comment       0x00000000       0x71 ./Generated_Code/heap_4.o
 .comment       0x00000000       0x71 ./Generated_Code/list.o
 .comment       0x00000000       0x71 ./Generated_Code/port.o
 .comment       0x00000000       0x71 ./Generated_Code/queue.o
 .comment       0x00000000       0x71 ./Generated_Code/tasks.o

.debug_frame    0x00000000     0x2484
 .debug_frame   0x00000000       0xb8 ./Static_Code/System/CPU_Init.o
 .debug_frame   0x000000b8      0xfd8 ./Static_Code/System/Vectors.o
 .debug_frame   0x00001090       0xc8 ./Sources/Events.o
 .debug_frame   0x00001158       0x6c ./Sources/main.o
 .debug_frame   0x000011c4      0x14c ./Project_Settings/Startup_Code/startup.o
 .debug_frame   0x00001310       0x58 ./Generated_Code/Cpu.o
 .debug_frame   0x00001368       0x84 ./Generated_Code/PE_LDD.o
 .debug_frame   0x000013ec       0x68 ./Generated_Code/TU1.o
 .debug_frame   0x00001454       0x34 ./Generated_Code/Timer.o
 .debug_frame   0x00001488       0x58 ./Generated_Code/TimerIntLdd1.o
 .debug_frame   0x000014e0      0x108 ./Generated_Code/heap_4.o
 .debug_frame   0x000015e8       0xd8 ./Generated_Code/list.o
 .debug_frame   0x000016c0      0x1ec ./Generated_Code/port.o
 .debug_frame   0x000018ac      0x384 ./Generated_Code/queue.o
 .debug_frame   0x00001c30      0x748 ./Generated_Code/tasks.o
 .debug_frame   0x00002378       0x34 /usr/local/gcc-arm-none-eabi-4_9-2015q3/bin/../lib/gcc/arm-none-eabi/4.9.3/../../../../arm-none-eabi/lib/armv7e-m/fpu/libg.a(lib_a-memset.o)
 .debug_frame   0x000023ac       0x50 /usr/local/gcc-arm-none-eabi-4_9-2015q3/bin/../lib/gcc/arm-none-eabi/4.9.3/../../../../arm-none-eabi/lib/armv7e-m/fpu/libg.a(lib_a-__call_atexit.o)
 .debug_frame   0x000023fc       0x20 /usr/local/gcc-arm-none-eabi-4_9-2015q3/bin/../lib/gcc/arm-none-eabi/4.9.3/../../../../arm-none-eabi/lib/armv7e-m/fpu/libg.a(lib_a-atexit.o)
 .debug_frame   0x0000241c       0x34 /usr/local/gcc-arm-none-eabi-4_9-2015q3/bin/../lib/gcc/arm-none-eabi/4.9.3/../../../../arm-none-eabi/lib/armv7e-m/fpu/libg.a(lib_a-fini.o)
 .debug_frame   0x00002450       0x34 /usr/local/gcc-arm-none-eabi-4_9-2015q3/bin/../lib/gcc/arm-none-eabi/4.9.3/../../../../arm-none-eabi/lib/armv7e-m/fpu/libg.a(lib_a-__atexit.o)
